{
 "eExamined": 1,
 "eDuplicates": 0,
 "aefK40Hits": 0,
 "notInCanonical39": 0,
 "strictDisjointTriples": 0,
 "seconds": 1
}
{
 "eExamined": 1,
 "eDuplicates": 0,
 "aefK40Hits": 2,
 "notInCanonical39": 0,
 "strictDisjointTriples": 0,
 "seconds": 7.8
}
{
 "eExamined": 1,
 "eDuplicates": 0,
 "aefK40Hits": 8,
 "notInCanonical39": 0,
 "strictDisjointTriples": 0,
 "seconds": 39.3
}
{
 "eExamined": 1,
 "eDuplicates": 0,
 "aefK40Hits": 8,
 "notInCanonical39": 0,
 "strictDisjointTriples": 0,
 "seconds": 76.9
}
{
 "eExamined": 1,
 "eDuplicates": 0,
 "aefK40Hits": 5,
 "notInCanonical39": 0,
 "strictDisjointTriples": 0,
 "seconds": 123.8
}
{
 "eExamined": 1,
 "eDuplicates": 0,
 "aefK40Hits": 5,
 "notInCanonical39": 0,
 "strictDisjointTriples": 0,
 "seconds": 79.9
}
{
 "eExamined": 1,
 "eDuplicates": 0,
 "aefK40Hits": 5,
 "notInCanonical39": 0,
 "strictDisjointTriples": 0,
 "seconds": 79.1
}
