	Command being timed: "env OMP_NUM_THREADS=8 ./modular_burned_giant_staged_fast ./PAPER8_THEOREM_CHECKPOINT_v4_2026-09-03/theorem_332/data/pid1_edges.bin ./pid1_sizes_giant.bin ./pid1_giant_mask.bin 220 308 558 705 1004535809 ./mod_fast_1004535809.txt"
	User time (seconds): 94.31
	System time (seconds): 1.95
	Percent of CPU this job got: 175%
	Elapsed (wall clock) time (h:mm:ss or m:ss): 0:54.70
	Average shared text size (kbytes): 0
	Average unshared data size (kbytes): 0
	Average stack size (kbytes): 0
	Average total size (kbytes): 0
	Maximum resident set size (kbytes): 148012
	Average resident set size (kbytes): 0
	Major (requiring I/O) page faults: 0
	Minor (reclaiming a frame) page faults: 55473
	Voluntary context switches: 42079
	Involuntary context switches: 15859
	Swaps: 0
	File system inputs: 0
	File system outputs: 56
	Socket messages sent: 0
	Socket messages received: 0
	Signals delivered: 0
	Page size (bytes): 4096
	Exit status: 0
