	Command being timed: "env OMP_NUM_THREADS=8 ./modular_burned_giant_staged_fast ./PAPER8_THEOREM_CHECKPOINT_v4_2026-09-03/theorem_332/data/pid1_edges.bin ./pid1_sizes_giant.bin ./pid1_giant_mask.bin 220 308 558 705 1000000009 ./mod_fast_1000000009.txt"
	User time (seconds): 97.36
	System time (seconds): 1.52
	Percent of CPU this job got: 263%
	Elapsed (wall clock) time (h:mm:ss or m:ss): 0:37.51
	Average shared text size (kbytes): 0
	Average unshared data size (kbytes): 0
	Average stack size (kbytes): 0
	Average total size (kbytes): 0
	Maximum resident set size (kbytes): 147904
	Average resident set size (kbytes): 0
	Major (requiring I/O) page faults: 0
	Minor (reclaiming a frame) page faults: 55469
	Voluntary context switches: 42091
	Involuntary context switches: 6803
	Swaps: 0
	File system inputs: 0
	File system outputs: 96
	Socket messages sent: 0
	Socket messages received: 0
	Signals delivered: 0
	Page size (bytes): 4096
	Exit status: 0
