iter 0 classes 24
iter 1 classes 488
iter 2 classes 2811
iter 3 classes 6269
iter 4 classes 8526
iter 5 classes 9554
iter 6 classes 10009
iter 7 classes 10129
iter 8 classes 10185
iter 9 classes 10191
iter 10 classes 10191
iter 11 classes 10191
iter 12 classes 10191
iter 13 classes 10191
iter 14 classes 10191
iter 15 classes 10191
iter 16 classes 10191
iter 17 classes 10191
iter 18 classes 10191
iter 19 classes 10191
{'pid': 1, 'profile': [3, 3, 2], 'original_states': 104520, 'quotient_states': 10191, 'quotient_edges_aggregated': 18858, 'history': [24, 488, 2811, 6269, 8526, 9554, 10009, 10129, 10185, 10191, 10191, 10191, 10191, 10191, 10191, 10191, 10191, 10191, 10191, 10191], 'min_class': 2, 'max_class': 200, 'singletons': 0}
