iter 0 classes 23
iter 1 classes 302
iter 2 classes 1315
iter 3 classes 2935
iter 4 classes 3912
iter 5 classes 4374
iter 6 classes 4555
iter 7 classes 4604
iter 8 classes 4614
iter 9 classes 4614
iter 10 classes 4614
iter 11 classes 4614
iter 12 classes 4614
iter 13 classes 4614
iter 14 classes 4614
iter 15 classes 4614
iter 16 classes 4614
iter 17 classes 4614
iter 18 classes 4614
iter 19 classes 4614
{'pid': 3, 'profile': [4, 3, 1], 'original_states': 104520, 'quotient_states': 4614, 'quotient_edges_aggregated': 8010, 'history': [23, 302, 1315, 2935, 3912, 4374, 4555, 4604, 4614, 4614, 4614, 4614, 4614, 4614, 4614, 4614, 4614, 4614, 4614, 4614], 'min_class': 2, 'max_class': 266, 'singletons': 0}
