K 10191 rowerr 2.8754776337791554e-13
st 0 alpha 0.00025196044251464555 sec 0.3689725399017334
st 500 alpha 0.006305545296474401 sec 1.5050721168518066
st 1000 alpha 0.010078966182160367 sec 2.47591495513916
st 1500 alpha 0.013458098349805521 sec 2.656076669692993
st 2000 alpha 0.017978960125025957 sec 2.8510842323303223
st 2500 alpha 0.02055500858779452 sec 3.053140163421631
st 3000 alpha 0.023557264324301157 sec 3.2576544284820557
st 3500 alpha 0.028169724127310402 sec 3.4519541263580322
st 4000 alpha 0.03405807196915168 sec 3.637740135192871
st 4500 alpha 0.03772892880309682 sec 3.8393168449401855
st 5000 alpha 0.03980614754771505 sec 4.047179698944092
st 5500 alpha 0.04383658863703713 sec 4.2455408573150635
st 6000 alpha 0.04627796054175004 sec 4.441901206970215
st 6500 alpha 0.049109774098337396 sec 4.631619453430176
st 7000 alpha 0.0531993764558171 sec 4.823815107345581
st 7500 alpha 0.05793648689066129 sec 5.023051738739014
st 8000 alpha 0.060082063906138045 sec 5.2182936668396
st 8500 alpha 0.06465276308569057 sec 5.412383079528809
st 9000 alpha 0.06866053920485932 sec 5.606693506240845
st 9500 alpha 0.07722033680024627 sec 5.8030781745910645
st 10000 alpha 0.07722033680024627 sec 5.996779918670654
{
  "pid": 1,
  "profile": [
    3,
    3,
    2
  ],
  "x": 1e-08,
  "K": 10191,
  "m": 24,
  "alpha_all_columns": 0.07722033680024627,
  "max_minor_col": 0.0010295371123749558,
  "positive_minor_columns": 2605,
  "pf_err": 4.796163466380676e-14,
  "lambda": 1.7284018243305748,
  "seconds": 6.041899681091309
}
