K 10191 rowerr 2.8754776337791554e-13
st 0 alpha 0.0 sec 0.2396562099456787
st 500 alpha 9.171343450443121e-10 sec 0.7383203506469727
st 1000 alpha 9.51417588273045e-10 sec 1.3603370189666748
st 1500 alpha 9.566851554493931e-10 sec 2.039280652999878
st 2000 alpha 9.660892792131858e-10 sec 2.6738367080688477
st 2500 alpha 9.660892792131858e-10 sec 3.3500423431396484
st 3000 alpha 9.735056087364067e-10 sec 3.967437505722046
st 3500 alpha 9.735056087364067e-10 sec 4.587990045547485
st 4000 alpha 9.813567643821713e-10 sec 5.273361921310425
st 4500 alpha 9.82090763588575e-10 sec 5.940875291824341
st 5000 alpha 9.82090763588575e-10 sec 6.5994508266448975
st 5500 alpha 9.82090763588575e-10 sec 7.239833354949951
st 6000 alpha 9.82090763588575e-10 sec 7.559295177459717
st 6500 alpha 9.82090763588575e-10 sec 7.881917953491211
st 7000 alpha 9.946694324086503e-10 sec 8.196312189102173
st 7500 alpha 9.946694324086503e-10 sec 8.531618356704712
st 8000 alpha 9.946694324629454e-10 sec 8.850058317184448
st 8500 alpha 9.946694324629454e-10 sec 9.174757957458496
st 9000 alpha 9.946694324629454e-10 sec 9.500508785247803
st 9500 alpha 1.0035475778972098e-09 sec 9.843194723129272
st 10000 alpha 1.0035475778972098e-09 sec 10.168750762939453
{
  "pid": 1,
  "profile": [
    3,
    3,
    2
  ],
  "x": 1e-08,
  "K": 10191,
  "m": 20,
  "alpha_all_columns": 1.0035475778972098e-09,
  "max_minor_col": 9.059288743180005e-10,
  "positive_minor_columns": 17,
  "pf_err": 4.796163466380676e-14,
  "lambda": 1.7284018243305748,
  "seconds": 10.26248574256897
}
