K 10191 rowerr 2.8754776337791554e-13
st 0 alpha 0.0014743499553913986 sec 0.39327311515808105
st 500 alpha 0.03612379893649881 sec 2.366018772125244
st 1000 alpha 0.07170737344283751 sec 3.6431069374084473
st 1500 alpha 0.1104089183640949 sec 4.8739423751831055
st 2000 alpha 0.13657963726787103 sec 6.088405132293701
st 2500 alpha 0.1725007536522719 sec 6.474014520645142
st 3000 alpha 0.2179679673592295 sec 6.825016975402832
st 3500 alpha 0.2810172450455928 sec 7.150017738342285
st 4000 alpha 0.3312223722183649 sec 7.5001890659332275
st 4500 alpha 0.37738447495298555 sec 7.8571906089782715
st 5000 alpha 0.41826230972698225 sec 8.180634021759033
st 5500 alpha 0.4692605322343607 sec 8.530016660690308
st 6000 alpha 0.5101798707762207 sec 8.864444017410278
st 6500 alpha 0.5608344484893661 sec 9.187662363052368
st 7000 alpha 0.6163109534696765 sec 9.540165424346924
st 7500 alpha 0.6737056251308803 sec 9.818050146102905
st 8000 alpha 0.7221029739970188 sec 10.081743001937866
st 8500 alpha 0.7792751765244136 sec 10.349025011062622
st 9000 alpha 0.8406368596258669 sec 10.603750228881836
st 9500 alpha 0.9137801699239138 sec 10.865592002868652
st 10000 alpha 0.9221657901627277 sec 11.141944408416748
{
  "pid": 1,
  "profile": [
    3,
    3,
    2
  ],
  "x": 1e-08,
  "K": 10191,
  "m": 40,
  "alpha_all_columns": 0.9246343587257788,
  "max_minor_col": 0.0019672476237741873,
  "positive_minor_columns": 10191,
  "pf_err": 4.796163466380676e-14,
  "lambda": 1.7284018243305748,
  "seconds": 11.217415571212769
}
