K 10191 rowerr 2.8754776337791554e-13
st 0 alpha 0.0013900910476935147 sec 0.3555908203125
st 500 alpha 0.034079442463036326 sec 1.3863439559936523
st 1000 alpha 0.06723412018478359 sec 1.9491682052612305
st 1500 alpha 0.10337765794558713 sec 2.5096871852874756
st 2000 alpha 0.1281086815187231 sec 3.084580183029175
st 2500 alpha 0.161613979767489 sec 3.654738664627075
st 3000 alpha 0.2037525072815759 sec 4.201413869857788
st 3500 alpha 0.26196821385577423 sec 4.77762508392334
st 4000 alpha 0.30853732607992707 sec 5.338519334793091
st 4500 alpha 0.3515688979532437 sec 5.9054341316223145
st 5000 alpha 0.3891887279027612 sec 6.466098308563232
st 5500 alpha 0.43605493539656054 sec 6.938767433166504
st 6000 alpha 0.473695960489844 sec 7.488687038421631
st 6500 alpha 0.5206739884662107 sec 8.04877495765686
st 7000 alpha 0.5720245647117629 sec 8.602330684661865
st 7500 alpha 0.625435577785189 sec 9.18958568572998
st 8000 alpha 0.67024061420964 sec 9.76264476776123
st 8500 alpha 0.7230992730097023 sec 10.157522439956665
st 9000 alpha 0.7803125559589444 sec 10.401604652404785
st 9500 alpha 0.8491117375468855 sec 10.65281343460083
st 10000 alpha 0.856584107728457 sec 10.895543336868286
{
  "pid": 1,
  "profile": [
    3,
    3,
    2
  ],
  "x": 1e-08,
  "K": 10191,
  "m": 36,
  "alpha_all_columns": 0.8587926669365527,
  "max_minor_col": 0.0018919384721249727,
  "positive_minor_columns": 10191,
  "pf_err": 4.796163466380676e-14,
  "lambda": 1.7284018243305748,
  "seconds": 10.961457252502441
}
