K 10191 rowerr 2.8754776337791554e-13
st 0 alpha 0.0 sec 0.13718605041503906
st 500 alpha 0.0 sec 0.45849180221557617
st 1000 alpha 0.0 sec 0.8678829669952393
st 1500 alpha 0.0 sec 1.4944028854370117
st 2000 alpha 0.0 sec 1.7906970977783203
st 2500 alpha 0.0 sec 2.0861763954162598
st 3000 alpha 0.0 sec 2.3719468116760254
st 3500 alpha 0.0 sec 2.771002769470215
st 4000 alpha 0.0 sec 3.3458762168884277
st 4500 alpha 0.0 sec 3.897845983505249
st 5000 alpha 0.0 sec 4.5043065547943115
st 5500 alpha 0.0 sec 5.101464509963989
st 6000 alpha 0.0 sec 5.535124778747559
st 6500 alpha 0.0 sec 5.6713547706604
st 7000 alpha 0.0 sec 5.795462608337402
st 7500 alpha 0.0 sec 5.9502341747283936
st 8000 alpha 0.0 sec 6.0774500370025635
st 8500 alpha 0.0 sec 6.206950664520264
st 9000 alpha 0.0 sec 6.357406854629517
st 9500 alpha 0.0 sec 6.486679553985596
st 10000 alpha 0.0 sec 6.703056335449219
{
  "pid": 1,
  "profile": [
    3,
    3,
    2
  ],
  "x": 1e-08,
  "K": 10191,
  "m": 16,
  "alpha_all_columns": 0.0,
  "max_minor_col": 0.0,
  "positive_minor_columns": 0,
  "pf_err": 4.796163466380676e-14,
  "lambda": 1.7284018243305748,
  "seconds": 6.848451137542725
}
