K 10191 rowerr 2.8754776337791554e-13
st 0 alpha 0.0007790062239794312 sec 0.12117338180541992
st 500 alpha 0.019745505158872433 sec 0.38108205795288086
st 1000 alpha 0.03772181919624695 sec 0.7084887027740479
st 1500 alpha 0.057412223095475244 sec 1.0199873447418213
st 2000 alpha 0.07024535274578646 sec 1.413278341293335
st 2500 alpha 0.08760682873366998 sec 1.7031927108764648
st 3000 alpha 0.1100848277876726 sec 2.320528507232666
st 3500 alpha 0.1413303116531728 sec 2.56998610496521
st 4000 alpha 0.16697398904481764 sec 2.8022360801696777
st 4500 alpha 0.19062408599459654 sec 3.0200586318969727
st 5000 alpha 0.20902950233431775 sec 3.2861227989196777
st 5500 alpha 0.2335523261123897 sec 3.517421007156372
st 6000 alpha 0.25376997540666807 sec 3.76259446144104
st 6500 alpha 0.27903111777432854 sec 3.981320858001709
st 7000 alpha 0.30463261679951004 sec 4.205036163330078
st 7500 alpha 0.33312339332833907 sec 4.4529664516448975
st 8000 alpha 0.35584514752386087 sec 4.758000135421753
st 8500 alpha 0.38357438442536423 sec 4.9931721687316895
st 9000 alpha 0.4137243405118305 sec 5.449664115905762
st 9500 alpha 0.4501596833056116 sec 5.714152574539185
st 10000 alpha 0.4512381126416681 sec 5.955572605133057
{
  "pid": 1,
  "profile": [
    3,
    3,
    2
  ],
  "x": 1e-08,
  "K": 10191,
  "m": 28,
  "alpha_all_columns": 0.45151857933411216,
  "max_minor_col": 0.0014702173904141578,
  "positive_minor_columns": 9590,
  "pf_err": 4.796163466380676e-14,
  "lambda": 1.7284018243305748,
  "seconds": 6.01038670539856
}
