K 10191 rowerr 2.8754776337791554e-13
st 0 alpha 0.0015566189179609417 sec 0.5758523941040039
st 500 alpha 0.03835724356269822 sec 2.785122871398926
st 1000 alpha 0.07606686046123876 sec 4.377812147140503
st 1500 alpha 0.11711968753939489 sec 5.884966135025024
st 2000 alpha 0.1449798481535912 sec 6.926131010055542
st 2500 alpha 0.1832451334413355 sec 7.678572177886963
st 3000 alpha 0.23151077783670185 sec 8.432469844818115
st 3500 alpha 0.29837876796555207 sec 9.229183912277222
st 4000 alpha 0.351609747812269 sec 9.97777795791626
st 4500 alpha 0.4006094128313081 sec 10.618974685668945
st 5000 alpha 0.44419692004805367 sec 11.246636867523193
st 5500 alpha 0.4982229048068215 sec 11.878101587295532
st 6000 alpha 0.5416417150190078 sec 12.518537521362305
st 6500 alpha 0.5953863276563475 sec 13.081098318099976
st 7000 alpha 0.6544057027850902 sec 13.424209833145142
st 7500 alpha 0.7152735724043578 sec 13.755928993225098
st 8000 alpha 0.7667822309950311 sec 14.075982332229614
st 8500 alpha 0.8275857708520217 sec 14.42021107673645
st 9000 alpha 0.8927505651664931 sec 14.755218505859375
st 9500 alpha 0.9706086498363946 sec 15.112553834915161
st 10000 alpha 0.9799780695938204 sec 15.44719910621643
{
  "pid": 1,
  "profile": [
    3,
    3,
    2
  ],
  "x": 1e-08,
  "K": 10191,
  "m": 50,
  "alpha_all_columns": 0.9827110145625965,
  "max_minor_col": 0.002011948365151957,
  "positive_minor_columns": 10191,
  "pf_err": 4.796163466380676e-14,
  "lambda": 1.7284018243305748,
  "seconds": 15.542981147766113
}
