K 10191 rowerr 2.8754776337791554e-13
st 0 alpha 0.0015239412907057754 sec 0.25550198554992676
st 500 alpha 0.037483424090811984 sec 1.5303819179534912
st 1000 alpha 0.07443323111791625 sec 2.934231758117676
st 1500 alpha 0.11450193093003865 sec 4.326381206512451
st 2000 alpha 0.14163714186781381 sec 5.738654136657715
st 2500 alpha 0.1789067952548583 sec 7.1691975593566895
st 3000 alpha 0.22608729685074827 sec 7.892710447311401
st 3500 alpha 0.2913486753598774 sec 8.59524130821228
st 4000 alpha 0.3435163482320938 sec 9.312132835388184
st 4500 alpha 0.3914406872675344 sec 10.002434015274048
st 5000 alpha 0.4338680403926712 sec 10.66954493522644
st 5500 alpha 0.4865574752114014 sec 11.237765550613403
st 6000 alpha 0.5290611697834129 sec 11.793939590454102
st 6500 alpha 0.5815529784541029 sec 12.352456331253052
st 7000 alpha 0.6388734156423009 sec 12.90599775314331
st 7500 alpha 0.6983309669590605 sec 13.483821868896484
st 8000 alpha 0.7485052804649032 sec 13.886831521987915
st 8500 alpha 0.807766758863025 sec 14.19147515296936
st 9000 alpha 0.8711278551007912 sec 14.482645273208618
st 9500 alpha 0.9468175168883429 sec 14.769949674606323
st 10000 alpha 0.9557137322088913 sec 15.089186429977417
{
  "pid": 1,
  "profile": [
    3,
    3,
    2
  ],
  "x": 1e-08,
  "K": 10191,
  "m": 44,
  "alpha_all_columns": 0.9583405324342246,
  "max_minor_col": 0.0019949464295327276,
  "positive_minor_columns": 10191,
  "pf_err": 4.796163466380676e-14,
  "lambda": 1.7284018243305748,
  "seconds": 15.174926280975342
}
