K 10191 rowerr 2.8754776337791554e-13
st 0 alpha 0.001209595905904187 sec 0.13585448265075684
st 500 alpha 0.029538236585562594 sec 0.6524837017059326
st 1000 alpha 0.0577258993435601 sec 1.7082574367523193
st 1500 alpha 0.08857299912060071 sec 2.219090223312378
st 2000 alpha 0.10924340947019956 sec 2.738264560699463
st 2500 alpha 0.13740644243591435 sec 3.1900594234466553
st 3000 alpha 0.17314859863329451 sec 3.5882608890533447
st 3500 alpha 0.22213930424533965 sec 4.125046014785767
st 4000 alpha 0.26167339670101686 sec 4.6036741733551025
st 4500 alpha 0.29870846152267705 sec 5.1782145500183105
st 5000 alpha 0.3294790996387447 sec 5.675544261932373
st 5500 alpha 0.3688114166427112 sec 6.196105480194092
st 6000 alpha 0.4008117464456177 sec 6.67998194694519
st 6500 alpha 0.4407406189759045 sec 7.1840667724609375
st 7000 alpha 0.4830345726719594 sec 7.641684293746948
st 7500 alpha 0.5281008571407517 sec 8.174989938735962
st 8000 alpha 0.5653514919075554 sec 8.651519536972046
st 8500 alpha 0.6099329737210056 sec 9.175877571105957
st 9000 alpha 0.6575014540368902 sec 9.673065900802612
st 9500 alpha 0.7152039064812801 sec 10.188225030899048
st 10000 alpha 0.7200835703094468 sec 10.680563688278198
{
  "pid": 1,
  "profile": [
    3,
    3,
    2
  ],
  "x": 1e-08,
  "K": 10191,
  "m": 32,
  "alpha_all_columns": 0.7216058233534396,
  "max_minor_col": 0.0017488905322125391,
  "positive_minor_columns": 10189,
  "pf_err": 4.796163466380676e-14,
  "lambda": 1.7284018243305748,
  "seconds": 10.814953088760376
}
