1 1e-06 -0.6568366259739441 134
1 0.0001 -0.6568327581806167 87
1 0.001 -0.6567975067457519 95
1 0.01 -0.6564362095078622 107
1 0.025 -0.6557990938958956 110
1 0.05 -0.6546430173928601 111
1 0.075 -0.6533738490189178 111
1 0.1 -0.651996870786329 111
1 0.125 -0.6505172428885677 111
1 0.15 -0.6489400135985572 110
1 0.175 -0.6472701284560829 110
1 0.19999999999999998 -0.6455124390056092 110
1 0.22499999999999998 -0.6436717111308798 109
1 0.24999999999999997 -0.6417526329486067 109
1 0.27499999999999997 -0.6397598223868296 109
1 0.3 -0.6376978343886128 108
1 0.325 -0.6355711679021722 108
1 0.35 -0.6333842725317594 108
1 0.375 -0.6311415549988154 107
1 0.39999999999999997 -0.6288473854211063 107
