[3, 3, 2] {'x': 0.0001, 'dx': 2e-05, 'C': -0.6568327686103567, 'Cprime_fd': 0.03907892528187684, 'Cminus': -0.6568335502998845, 'Cplus': -0.6568319871428733}
[3, 3, 2] {'x': 0.001, 'dx': 0.0002, 'C': -0.6567975175397756, 'Cprime_fd': 0.03925702355772609, 'Cminus': -0.6568053648181582, 'Cplus': -0.6567896620087351}
[3, 3, 2] {'x': 0.01, 'dx': 0.002, 'C': -0.6564362208805186, 'Cprime_fd': 0.04102570135464112, 'Cminus': -0.6565178822526274, 'Cplus': -0.6563537794472089}
[3, 3, 2] {'x': 0.025, 'dx': 0.002, 'C': -0.6557991056310719, 'Cprime_fd': 0.043909292868349326, 'Cminus': -0.6558865451959198, 'Cplus': -0.6557109080244464}
[3, 3, 2] {'x': 0.05, 'dx': 0.002, 'C': -0.6546430211066637, 'Cprime_fd': 0.04854019038566526, 'Cminus': -0.6547397400543294, 'Cplus': -0.6545455792927868}
[3, 3, 2] {'x': 0.075, 'dx': 0.002, 'C': -0.6533738554729643, 'Cprime_fd': 0.05295751106154656, 'Cminus': -0.653479425331375, 'Cplus': -0.6532675952871289}
[3, 3, 2] {'x': 0.1, 'dx': 0.002, 'C': -0.651996868013723, 'Cprime_fd': 0.05716848522352436, 'Cminus': -0.6521108819231477, 'Cplus': -0.6518822079822536}
[3, 3, 2] {'x': 0.15, 'dx': 0.002, 'C': -0.6489400160847314, 'Cprime_fd': 0.06497465065979924, 'Cminus': -0.6490696686419403, 'Cplus': -0.6488097700393011}
[3, 3, 2] {'x': 0.19999999999999998, 'dx': 0.002, 'C': -0.64551243541174, 'Cprime_fd': 0.0719995960999642, 'Cminus': -0.6456561688443033, 'Cplus': -0.6453681704599035}
[3, 3, 2] {'x': 0.25, 'dx': 0.002, 'C': -0.6417526023742385, 'Cprime_fd': 0.07826815121939057, 'Cminus': -0.6419089030133366, 'Cplus': -0.641595830408459}
[3, 3, 2] {'x': 0.3, 'dx': 0.002, 'C': -0.6376978120836707, 'Cprime_fd': 0.0838016924372409, 'Cminus': -0.6378652062840237, 'Cplus': -0.6375299995142747}
[3, 3, 2] {'x': 0.35, 'dx': 0.002, 'C': -0.6333842599478187, 'Cprime_fd': 0.08862148283736437, 'Cminus': -0.6335613242092197, 'Cplus': -0.6332068382778703}
[3, 3, 2] {'x': 0.39999999999999997, 'dx': 0.002, 'C': -0.6288473708149223, 'Cprime_fd': 0.09273775728829703, 'Cminus': -0.6290326956167233, 'Cplus': -0.6286617445875701}
[3, 3, 2] {'x': 0.44999999999999996, 'dx': 0.002, 'C': -0.6241220195009797, 'Cprime_fd': 0.09616168047030249, 'Cminus': -0.6243142192385864, 'Cplus': -0.6239295725167052}
[3, 3, 2] {'x': 0.5, 'dx': 0.002, 'C': -0.6192426491950324, 'Cprime_fd': 0.09889913425245589, 'Cminus': -0.619440351540268, 'Cplus': -0.6190447550032582}
[3, 3, 2] {'x': 0.5499999999999999, 'dx': 0.002, 'C': -0.6142435081679665, 'Cprime_fd': 0.1009524038438625, 'Cminus': -0.6144453445396566, 'Cplus': -0.6140415349242812}
[3, 3, 2] {'x': 0.6, 'dx': 0.002, 'C': -0.6091588313772434, 'Cprime_fd': 0.10232033738807877, 'Cminus': -0.6093634313530938, 'Cplus': -0.6089541500035415}
[3, 3, 2] {'x': 0.6499999999999999, 'dx': 0.002, 'C': -0.6040229887001777, 'Cprime_fd': 0.1029974184644511, 'Cminus': -0.6042289702560636, 'Cplus': -0.6038169805822058}
[3, 3, 2] {'x': 0.7, 'dx': 0.002, 'C': -0.5988707352614734, 'Cprime_fd': 0.10297475834991632, 'Cminus': -0.5990766998124434, 'Cplus': -0.5986648007790437}
[3, 3, 2] {'x': 0.75, 'dx': 0.002, 'C': -0.5937373609617621, 'Cprime_fd': 0.10223964499087024, 'Cminus': -0.5939418843322238, 'Cplus': -0.5935329257522604}
[3, 3, 2] {'x': 0.7999999999999999, 'dx': 0.002, 'C': -0.5886589196461381, 'Cprime_fd': 0.1007719648467853, 'Cminus': -0.5888605331405561, 'Cplus': -0.588457445281169}
[3, 3, 2] {'x': 0.85, 'dx': 0.002, 'C': -0.5836724844369515, 'Cprime_fd': 0.09855598513225372, 'Cminus': -0.5838697008005619, 'Cplus': -0.5834754768600329}
[3, 3, 2] {'x': 0.8999999999999999, 'dx': 0.002, 'C': -0.5788163203457319, 'Cprime_fd': 0.09555830432494972, 'Cminus': -0.5790075726190095, 'Cplus': -0.5786253394017097}
[3, 3, 2] {'x': 0.95, 'dx': 0.002, 'C': -0.5741301564258597, 'Cprime_fd': 0.09174826407870595, 'Cminus': -0.5743138219068319, 'Cplus': -0.5739468288505171}
[3, 3, 2] {'x': 1.0, 'dx': 0.002, 'C': -0.5696556286590345, 'Cprime_fd': 0.08708633351486861, 'Cminus': -0.5698300055423378, 'Cplus': -0.5694816602082783}
{'profile': [3, 3, 2], 'K': 10191, 'min_Cprime_fd': 0.03907892528187684, 'x_at_min_Cprime': 0.0001, 'max_Cprime_fd': 0.1029974184644511}
