[5, 2, 1] {'x': 0.0001, 'dx': 2e-05, 'C': 5.971806483170046, 'Cprime_fd': 0.049535375801212915, 'Cminus': 5.971805491888915, 'Cplus': 5.971807473303947}
[5, 2, 1] {'x': 0.001, 'dx': 0.0002, 'C': 5.971851242625448, 'Cprime_fd': 0.04991192644521192, 'Cminus': 5.971841267974712, 'Cplus': 5.97186123274529}
[5, 2, 1] {'x': 0.01, 'dx': 0.002, 'C': 5.972316462192021, 'Cprime_fd': 0.05347409552181048, 'Cminus': 5.972210307292336, 'Cplus': 5.972424203674423}
[5, 2, 1] {'x': 0.025, 'dx': 0.002, 'C': 5.9731632999400945, 'Cprime_fd': 0.05944468065943731, 'Cminus': 5.9730452089586565, 'Cplus': 5.973282987681294}
[5, 2, 1] {'x': 0.05, 'dx': 0.002, 'C': 5.974774612912033, 'Cprime_fd': 0.06947708149551701, 'Cminus': 5.974636465603625, 'Cplus': 5.974914373929607}
[5, 2, 1] {'x': 0.075, 'dx': 0.002, 'C': 5.976637886669541, 'Cprime_fd': 0.07959927161849123, 'Cminus': 5.976479502252848, 'Cplus': 5.976797899339322}
[5, 2, 1] {'x': 0.1, 'dx': 0.002, 'C': 5.978755229378111, 'Cprime_fd': 0.08980066690256194, 'Cminus': 5.9785764463156825, 'Cplus': 5.978935648983293}
[5, 2, 1] {'x': 0.15, 'dx': 0.002, 'C': 5.983759315190499, 'Cprime_fd': 0.11040412103047181, 'Cminus': 5.983539335526385, 'Cplus': 5.983980952010507}
[5, 2, 1] {'x': 0.19999999999999998, 'dx': 0.002, 'C': 5.989799392221625, 'Cprime_fd': 0.13123245083224155, 'Cminus': 5.98953776472418, 'Cplus': 5.990062694527509}
[5, 2, 1] {'x': 0.25, 'dx': 0.002, 'C': 5.996885673413091, 'Cprime_fd': 0.15224729810192628, 'Cminus': 5.9965820230859865, 'Cplus': 5.997191012278394}
[5, 2, 1] {'x': 0.3, 'dx': 0.002, 'C': 6.005026819836759, 'Cprime_fd': 0.17342368282169396, 'Cminus': 6.004680822568886, 'Cplus': 6.005374517300173}
[5, 2, 1] {'x': 0.35, 'dx': 0.002, 'C': 6.014230470678209, 'Cprime_fd': 0.19474535872809895, 'Cminus': 6.013841835332082, 'Cplus': 6.014620816766994}
[5, 2, 1] {'x': 0.39999999999999997, 'dx': 0.002, 'C': 6.024503616863797, 'Cprime_fd': 0.2162021950358195, 'Cminus': 6.024072074062303, 'Cplus': 6.0249368828424466}
[5, 2, 1] {'x': 0.44999999999999996, 'dx': 0.002, 'C': 6.035852880633315, 'Cprime_fd': 0.2377896490823872, 'Cminus': 6.035378167771702, 'Cplus': 6.0363293263680315}
[5, 2, 1] {'x': 0.5, 'dx': 0.002, 'C': 6.04828471249356, 'Cprime_fd': 0.25950508871419586, 'Cminus': 6.04776657396148, 'Cplus': 6.048804594316337}
[5, 2, 1] {'x': 0.5499999999999999, 'dx': 0.002, 'C': 6.0618055490920435, 'Cprime_fd': 0.2813501746394831, 'Cminus': 6.06124372530085, 'Cplus': 6.062369125999408}
[5, 2, 1] {'x': 0.6, 'dx': 0.002, 'C': 6.076421927569964, 'Cprime_fd': 0.30332752513451133, 'Cminus': 6.075816153786976, 'Cplus': 6.077029463887514}
[5, 2, 1] {'x': 0.6499999999999999, 'dx': 0.002, 'C': 6.092140575823338, 'Cprime_fd': 0.32544184476934745, 'Cminus': 6.091490579544315, 'Cplus': 6.092792346923392}
[5, 2, 1] {'x': 0.7, 'dx': 0.002, 'C': 6.108968488405253, 'Cprime_fd': 0.34769911949616983, 'Cminus': 6.108273982341483, 'Cplus': 6.109664778819468}
[5, 2, 1] {'x': 0.75, 'dx': 0.002, 'C': 6.126912975690235, 'Cprime_fd': 0.37010631133882477, 'Cminus': 6.126173662153918, 'Cplus': 6.127654087399273}
[5, 2, 1] {'x': 0.7999999999999999, 'dx': 0.002, 'C': 6.145981721032237, 'Cprime_fd': 0.3926708819212976, 'Cminus': 6.145197285330657, 'Cplus': 6.1467679688583425}
[5, 2, 1] {'x': 0.85, 'dx': 0.002, 'C': 6.166182811295773, 'Cprime_fd': 0.41540130594586167, 'Cminus': 6.1653529212687035, 'Cplus': 6.167014526492487}
[5, 2, 1] {'x': 0.8999999999999999, 'dx': 0.002, 'C': 6.187524771883446, 'Cprime_fd': 0.4383070295599367, 'Cminus': 6.186649077459064, 'Cplus': 6.188402305577304}
[5, 2, 1] {'x': 0.95, 'dx': 0.002, 'C': 6.210016594232481, 'Cprime_fd': 0.46139760530761187, 'Cminus': 6.209094726668714, 'Cplus': 6.210940317089944}
[5, 2, 1] {'x': 1.0, 'dx': 0.002, 'C': 6.233667761423867, 'Cprime_fd': 0.4846826921294234, 'Cminus': 6.232699331846595, 'Cplus': 6.2346380626151126}
{'profile': [5, 2, 1], 'K': 4038, 'min_Cprime_fd': 0.049535375801212915, 'x_at_min_Cprime': 0.0001, 'max_Cprime_fd': 0.4846826921294234}
