K 10191 rowerr 2.8754776337791554e-13
st 0 alpha 0.0015566189179609417 sec 0.20658135414123535
st 500 alpha 0.03835724356269822 sec 0.8386294841766357
st 1000 alpha 0.07606686046123876 sec 1.4806499481201172
st 1500 alpha 0.11711968753939489 sec 2.0907413959503174
st 2000 alpha 0.1449798481535912 sec 2.487933874130249
st 2500 alpha 0.1832451334413355 sec 2.8255677223205566
st 3000 alpha 0.23151077783670185 sec 3.1598668098449707
st 3500 alpha 0.29837876796555207 sec 3.499753713607788
st 4000 alpha 0.351609747812269 sec 3.8488640785217285
st 4500 alpha 0.4006094128313081 sec 4.17967414855957
st 5000 alpha 0.44419692004805367 sec 4.523854970932007
st 5500 alpha 0.4982229048068215 sec 4.863635063171387
st 6000 alpha 0.5416417150190078 sec 5.201948404312134
st 6500 alpha 0.5953863276563475 sec 5.5447587966918945
st 7000 alpha 0.6544057027850902 sec 5.885152101516724
st 7500 alpha 0.7152735724043578 sec 6.232508420944214
st 8000 alpha 0.7667822309950311 sec 6.561737537384033
st 8500 alpha 0.8275857708520217 sec 6.894456386566162
st 9000 alpha 0.8927505651664931 sec 7.230027914047241
st 9500 alpha 0.9706086498363946 sec 7.571123361587524
st 10000 alpha 0.9799780695938204 sec 7.908090591430664
{
  "pid": 1,
  "profile": [
    3,
    3,
    2
  ],
  "x": 1e-08,
  "K": 10191,
  "m": 50,
  "alpha_all_columns": 0.9827110145625965,
  "max_minor_col": 0.002011948365151957,
  "positive_minor_columns": 10191,
  "pf_err": 4.796163466380676e-14,
  "lambda": 1.7284018243305748,
  "seconds": 8.00391435623169
}
