K 4038 rowerr 9.303668946358812e-14
st 0 alpha 0.0016206340775308142 sec 0.21252131462097168
st 500 alpha 0.06844696142332617 sec 1.3947088718414307
st 1000 alpha 0.13917812162530635 sec 2.2893075942993164
st 1500 alpha 0.2761315785488199 sec 3.2108027935028076
st 2000 alpha 0.4019101111829643 sec 4.023228883743286
st 2500 alpha 0.5429245993606167 sec 4.88344144821167
st 3000 alpha 0.6814431138749856 sec 5.792821168899536
st 3500 alpha 0.825681967503882 sec 6.675451040267944
st 4000 alpha 0.9917967543891199 sec 7.342962265014648
{
  "pid": 4,
  "profile": [
    5,
    2,
    1
  ],
  "x": 0.01,
  "K": 4038,
  "m": 50,
  "alpha_all_columns": 0.9917967543891199,
  "max_minor_col": 0.0031197952686655255,
  "positive_minor_columns": 4038,
  "pf_err": 3.597122599785507e-14,
  "lambda": 1.7770050014280545,
  "seconds": 7.381001949310303
}
