K 4038 rowerr 9.214851104388799e-14
st 0 alpha 0.0016206002041372542 sec 0.16298794746398926
st 500 alpha 0.06844654292579672 sec 1.074195146560669
st 1000 alpha 0.1391761884144019 sec 2.039724826812744
st 1500 alpha 0.2761297336299792 sec 2.985546112060547
st 2000 alpha 0.40190848277901176 sec 3.982346534729004
st 2500 alpha 0.5429247608584686 sec 4.933809757232666
st 3000 alpha 0.6814434940067241 sec 5.560338497161865
st 3500 alpha 0.8256832169047539 sec 6.164700269699097
st 4000 alpha 0.9917970448751761 sec 6.76924729347229
{
  "pid": 4,
  "profile": [
    5,
    2,
    1
  ],
  "x": 0.001,
  "K": 4038,
  "m": 50,
  "alpha_all_columns": 0.9917970448751761,
  "max_minor_col": 0.0031198787829231924,
  "positive_minor_columns": 4038,
  "pf_err": 3.5860203695392556e-14,
  "lambda": 1.7770017770193665,
  "seconds": 6.774293661117554
}
