K 4038 rowerr 9.192646643896296e-14
st 0 alpha 0.0016209400364630366 sec 0.1474747657775879
st 500 alpha 0.0684511229793594 sec 0.6124634742736816
st 1000 alpha 0.13919870964067246 sec 1.158806324005127
st 1500 alpha 0.27615144542521747 sec 1.69789457321167
st 2000 alpha 0.4019274220360133 sec 2.264216184616089
st 2500 alpha 0.5429233521329876 sec 2.8371262550354004
st 3000 alpha 0.681438919802569 sec 3.4004151821136475
st 3500 alpha 0.8256671921105139 sec 3.9000308513641357
st 4000 alpha 0.9917939846063001 sec 4.2921037673950195
{
  "pid": 4,
  "profile": [
    5,
    2,
    1
  ],
  "x": 0.1,
  "K": 4038,
  "m": 50,
  "alpha_all_columns": 0.9917939846063001,
  "max_minor_col": 0.003118871213519603,
  "positive_minor_columns": 4038,
  "pf_err": 3.574918139293004e-14,
  "lambda": 1.7770397103544906,
  "seconds": 4.293025255203247
}
