K 4038 rowerr 9.50350909079134e-14
st 0 alpha 0.0016206926885096455 sec 0.09749770164489746
st 500 alpha 0.06849217227410208 sec 0.6784698963165283
st 1000 alpha 0.13953702632448162 sec 0.988527774810791
st 1500 alpha 0.2764997765898236 sec 1.196359395980835
st 2000 alpha 0.40220900862256703 sec 1.3980944156646729
st 2500 alpha 0.5429511921338782 sec 1.6124329566955566
st 3000 alpha 0.6813587199201676 sec 1.8641505241394043
st 3500 alpha 0.8252894865019693 sec 2.099794626235962
st 4000 alpha 0.9917867335113345 sec 2.3068618774414062
{
  "pid": 4,
  "profile": [
    5,
    2,
    1
  ],
  "x": 1.0,
  "K": 4038,
  "m": 50,
  "alpha_all_columns": 0.9917867335113345,
  "max_minor_col": 0.003100522478929525,
  "positive_minor_columns": 4038,
  "pf_err": 3.6415315207705135e-14,
  "lambda": 1.7776384757455832,
  "seconds": 2.307784080505371
}
