K 4038 rowerr 9.237055564881302e-14
st 0 alpha 0.0016205964036534114 sec 0.019403934478759766
st 500 alpha 0.06844649639882824 sec 0.25153422355651855
st 1000 alpha 0.13917597502049417 sec 0.5041403770446777
st 1500 alpha 0.2761295302296312 sec 0.7739064693450928
st 2000 alpha 0.4019083029977969 sec 1.0210027694702148
st 2500 alpha 0.5429247792148395 sec 1.2867791652679443
st 3000 alpha 0.6814435358031826 sec 1.5364024639129639
st 3500 alpha 0.8256833531871766 sec 1.7972099781036377
st 4000 alpha 0.9917970773355872 sec 2.0419836044311523
{
  "pid": 4,
  "profile": [
    5,
    2,
    1
  ],
  "x": 1e-08,
  "K": 4038,
  "m": 50,
  "alpha_all_columns": 0.9917970773355872,
  "max_minor_col": 0.003119887962510866,
  "positive_minor_columns": 4038,
  "pf_err": 3.5860203695392556e-14,
  "lambda": 1.7770014215187198,
  "seconds": 2.0429694652557373
}
