K 4614 rowerr 1.1013412404281553e-13
st 0 alpha 0.0015424111881221913 sec 0.01705622673034668
st 500 alpha 0.053541132567460695 sec 0.15762114524841309
st 1000 alpha 0.11970219976294597 sec 0.3094825744628906
st 1500 alpha 0.20036790995284004 sec 0.5105316638946533
st 2000 alpha 0.3514709532065921 sec 0.6529669761657715
st 2500 alpha 0.46672026096863367 sec 0.780630350112915
st 3000 alpha 0.5790284638787533 sec 0.9175927639007568
st 3500 alpha 0.7096757921234516 sec 1.0488464832305908
st 4000 alpha 0.8434491922021785 sec 1.1786537170410156
st 4500 alpha 0.9889722586873704 sec 1.3085424900054932
{
  "pid": 3,
  "profile": [
    4,
    3,
    1
  ],
  "x": 1e-08,
  "K": 4614,
  "m": 50,
  "alpha_all_columns": 0.9894646541588791,
  "max_minor_col": 0.0030930679576885033,
  "positive_minor_columns": 4614,
  "pf_err": 4.296563105299356e-14,
  "lambda": 1.7744800344549059,
  "seconds": 1.3286192417144775
}
