K 10191 rowerr 1.8451906669270102e-13
st 0 alpha 0.0015559942196045364 sec 0.37243127822875977
st 500 alpha 0.038353608875619866 sec 1.9179162979125977
st 1000 alpha 0.07607977982302307 sec 3.566885232925415
st 1500 alpha 0.11715283604858782 sec 4.874724626541138
st 2000 alpha 0.14504053437995643 sec 5.759420871734619
st 2500 alpha 0.18333827839133415 sec 6.265509605407715
st 3000 alpha 0.23164988771191175 sec 6.703068256378174
st 3500 alpha 0.298602947672541 sec 7.095720529556274
st 4000 alpha 0.3518957953312226 sec 7.497910261154175
st 4500 alpha 0.4009173807141023 sec 7.912381172180176
st 5000 alpha 0.4445861437906472 sec 8.320488452911377
st 5500 alpha 0.4987095375777327 sec 8.752044439315796
st 6000 alpha 0.5421705677118913 sec 9.154623985290527
st 6500 alpha 0.595955540801088 sec 9.553498268127441
st 7000 alpha 0.6550429395639814 sec 9.970781087875366
st 7500 alpha 0.7159585884207172 sec 10.397045612335205
st 8000 alpha 0.7675491031725924 sec 10.80199408531189
st 8500 alpha 0.8284114655208462 sec 11.198418855667114
st 9000 alpha 0.8936365934780245 sec 11.601138353347778
st 9500 alpha 0.9715106403162115 sec 12.012624502182007
st 10000 alpha 0.9809624650226567 sec 12.79685926437378
{
  "pid": 1,
  "profile": [
    3,
    3,
    2
  ],
  "x": 0.01,
  "K": 10191,
  "m": 50,
  "alpha_all_columns": 0.9837313486978441,
  "max_minor_col": 0.002007227344727229,
  "positive_minor_columns": 10191,
  "pf_err": 4.574118861455645e-14,
  "lambda": 1.728806959090568,
  "seconds": 13.022368431091309
}
