K 4809 rowerr 9.481304630298837e-14
st 0 alpha 0.001535939807481557 sec 0.2331540584564209
st 500 alpha 0.053236687913084946 sec 0.9300096035003662
st 1000 alpha 0.1191223432262083 sec 1.6781620979309082
st 1500 alpha 0.20548210178048693 sec 2.460817813873291
st 2000 alpha 0.34885244458735326 sec 3.019601583480835
st 2500 alpha 0.43969799451101016 sec 3.531959056854248
st 3000 alpha 0.5559847424731957 sec 4.2484290599823
st 3500 alpha 0.67252198002845 sec 5.273455619812012
st 4000 alpha 0.8000048892436098 sec 6.366631031036377
st 4500 alpha 0.9240551805579755 sec 7.509150743484497
{
  "pid": 2,
  "profile": [
    4,
    2,
    2
  ],
  "x": 0.001,
  "K": 4809,
  "m": 50,
  "alpha_all_columns": 0.9909387624616356,
  "max_minor_col": 0.003206441049374106,
  "positive_minor_columns": 4809,
  "pf_err": 4.263256414560601e-14,
  "lambda": 1.7734458248990101,
  "seconds": 8.109832286834717
}
