K 4614 rowerr 9.525713551283843e-14
st 0 alpha 0.0016275770806496 sec 0.10541796684265137
st 500 alpha 0.05420865295775221 sec 0.6057558059692383
st 1000 alpha 0.12048197815566289 sec 1.2846662998199463
st 1500 alpha 0.2020325573946887 sec 2.201218605041504
st 2000 alpha 0.35334397966953285 sec 3.2628726959228516
st 2500 alpha 0.46832185246074487 sec 4.315823793411255
st 3000 alpha 0.5799562237175849 sec 5.399145126342773
st 3500 alpha 0.7106800620727767 sec 6.467549562454224
st 4000 alpha 0.8441268054917075 sec 7.177687883377075
st 4500 alpha 0.9902025946434675 sec 7.892422437667847
{
  "pid": 3,
  "profile": [
    4,
    3,
    1
  ],
  "x": 1.0,
  "K": 4614,
  "m": 50,
  "alpha_all_columns": 0.9916296770616845,
  "max_minor_col": 0.003100522478929485,
  "positive_minor_columns": 4614,
  "pf_err": 3.652633751016765e-14,
  "lambda": 1.7776384757455836,
  "seconds": 7.99116849899292
}
