K 4809 rowerr 9.636735853746359e-14
st 0 alpha 0.0015395397169528353 sec 0.2521018981933594
st 500 alpha 0.05329087596175573 sec 1.366825819015503
st 1000 alpha 0.11923023529382695 sec 2.454911231994629
st 1500 alpha 0.2056570690969527 sec 3.4868698120117188
st 2000 alpha 0.34900434759678867 sec 4.587156057357788
st 2500 alpha 0.43994259343851033 sec 5.688461065292358
st 3000 alpha 0.5561807591839599 sec 6.681704044342041
st 3500 alpha 0.6727953076491113 sec 7.557149887084961
st 4000 alpha 0.8002630238802327 sec 8.257942199707031
st 4500 alpha 0.924307206338672 sec 8.727272748947144
{
  "pid": 2,
  "profile": [
    4,
    2,
    2
  ],
  "x": 0.1,
  "K": 4809,
  "m": 50,
  "alpha_all_columns": 0.9912823123185314,
  "max_minor_col": 0.0031979142791613065,
  "positive_minor_columns": 4809,
  "pf_err": 4.3298697960381105e-14,
  "lambda": 1.773827986239492,
  "seconds": 8.799583673477173
}
