K 4614 rowerr 1.1524114995609125e-13
st 0 alpha 0.001550456050761955 sec 0.1739516258239746
st 500 alpha 0.05360282359521186 sec 0.7455480098724365
st 1000 alpha 0.11979552524740854 sec 1.3864161968231201
st 1500 alpha 0.20053674278883013 sec 2.053400993347168
st 2000 alpha 0.3516919288921076 sec 2.746239185333252
st 2500 alpha 0.4669509737701318 sec 3.418670177459717
st 3000 alpha 0.5792385973749253 sec 3.945277690887451
st 3500 alpha 0.7099212237090639 sec 4.461851358413696
st 4000 alpha 0.8437115955778665 sec 4.987058877944946
st 4500 alpha 0.9893027027771125 sec 5.321346998214722
{
  "pid": 3,
  "profile": [
    4,
    3,
    1
  ],
  "x": 0.1,
  "K": 4614,
  "m": 50,
  "alpha_all_columns": 0.9898523019654253,
  "max_minor_col": 0.003094046914708423,
  "positive_minor_columns": 4614,
  "pf_err": 4.4853010194856324e-14,
  "lambda": 1.7747141877412427,
  "seconds": 5.376747131347656
}
