K 10191 rowerr 9.459100169806334e-14
st 0 alpha 0.0012519633292806518 sec 0.3755500316619873
st 500 alpha 0.03469768118030925 sec 2.8462331295013428
st 1000 alpha 0.07054347979986444 sec 5.244812250137329
st 1500 alpha 0.10798479126439565 sec 7.065710783004761
st 2000 alpha 0.13693437302686773 sec 7.911711692810059
st 2500 alpha 0.17448631440885684 sec 8.418485164642334
st 3000 alpha 0.2223998233446474 sec 8.7952139377594
st 3500 alpha 0.2914521940479173 sec 9.120479822158813
st 4000 alpha 0.34729116923732695 sec 9.445260047912598
st 4500 alpha 0.3939263758449627 sec 9.786718130111694
st 5000 alpha 0.44012088453104786 sec 10.113367795944214
st 5500 alpha 0.4971648210965154 sec 10.437405109405518
st 6000 alpha 0.5413318517822382 sec 10.778146743774414
st 6500 alpha 0.5931170880622226 sec 11.1077139377594
st 7000 alpha 0.650848155828299 sec 11.431731939315796
st 7500 alpha 0.7114251548068514 sec 11.775475263595581
st 8000 alpha 0.7652427132694285 sec 12.111675024032593
st 8500 alpha 0.8268344128719556 sec 12.43632984161377
st 9000 alpha 0.8882782658353743 sec 12.77609896659851
st 9500 alpha 0.9625657321940985 sec 13.113561630249023
st 10000 alpha 0.9822136235442873 sec 13.438581705093384
{
  "pid": 1,
  "profile": [
    3,
    3,
    2
  ],
  "x": 1.0,
  "K": 10191,
  "m": 50,
  "alpha_all_columns": 0.9896124272398803,
  "max_minor_col": 0.0015964292901207498,
  "positive_minor_columns": 10191,
  "pf_err": 3.6637359812630166e-14,
  "lambda": 1.777638475745583,
  "seconds": 13.53571105003357
}
