K 4809 rowerr 9.447997939560082e-14
st 0 alpha 0.001570539273709481 sec 0.3290419578552246
st 500 alpha 0.05379468899398237 sec 1.643092155456543
st 1000 alpha 0.12008334495521693 sec 2.7326228618621826
st 1500 alpha 0.20699372175183373 sec 3.839484691619873
st 2000 alpha 0.34961660627293967 sec 4.8386549949646
st 2500 alpha 0.44117328241189796 sec 5.92971396446228
st 3000 alpha 0.5564090587468097 sec 6.9208831787109375
st 3500 alpha 0.6733418966780912 sec 7.752878189086914
st 4000 alpha 0.8001883159927945 sec 8.122510194778442
st 4500 alpha 0.9237533484886173 sec 8.532321691513062
{
  "pid": 2,
  "profile": [
    4,
    2,
    2
  ],
  "x": 1.0,
  "K": 4809,
  "m": 50,
  "alpha_all_columns": 0.991469413856195,
  "max_minor_col": 0.003100522478929562,
  "positive_minor_columns": 4809,
  "pf_err": 3.652633751016765e-14,
  "lambda": 1.7776384757455828,
  "seconds": 8.741673946380615
}
