K 10191 rowerr 1.0125233984581428e-13
st 0 alpha 0.0015327411011159637 sec 0.5935709476470947
st 500 alpha 0.03810355041114016 sec 3.0275661945343018
st 1000 alpha 0.07576109662852745 sec 4.971423625946045
st 1500 alpha 0.11663624300963807 sec 6.522980213165283
st 2000 alpha 0.14458786868932408 sec 7.318907260894775
st 2500 alpha 0.18287943771744528 sec 8.100861549377441
st 3000 alpha 0.2312464133768628 sec 8.757495641708374
st 3500 alpha 0.2984759909950283 sec 9.228749990463257
st 4000 alpha 0.3520098620246425 sec 9.551626443862915
st 4500 alpha 0.4009331117227887 sec 9.871428489685059
st 5000 alpha 0.44486606356691105 sec 10.221836805343628
st 5500 alpha 0.49932298791813406 sec 10.550697565078735
st 6000 alpha 0.5428950766021927 sec 10.87703251838684
st 6500 alpha 0.5965997386577526 sec 11.236022710800171
st 7000 alpha 0.6557030582285484 sec 11.564594030380249
st 7500 alpha 0.7166708895982047 sec 11.885236501693726
st 8000 alpha 0.7685196474948945 sec 12.229201316833496
st 8500 alpha 0.8294376891079509 sec 12.56425166130066
st 9000 alpha 0.894546172901727 sec 12.887386083602905
st 9500 alpha 0.9721924602667141 sec 13.233850955963135
st 10000 alpha 0.9823704087361358 sec 13.57352900505066
{
  "pid": 1,
  "profile": [
    3,
    3,
    2
  ],
  "x": 0.1,
  "K": 10191,
  "m": 50,
  "alpha_all_columns": 0.9854642826087133,
  "max_minor_col": 0.0019570901018983703,
  "positive_minor_columns": 10191,
  "pf_err": 3.9745984281580604e-14,
  "lambda": 1.7325263346375337,
  "seconds": 13.666523933410645
}
