K 10191 rowerr 2.7200464103316335e-13
st 0 alpha 0.001556811007487068 sec 0.322437047958374
st 500 alpha 0.03835900117885899 sec 1.894719123840332
st 1000 alpha 0.0760721377768003 sec 3.6450576782226562
st 1500 alpha 0.11713215772105857 sec 6.080148935317993
st 2000 alpha 0.14499771840045855 sec 8.380797624588013
st 2500 alpha 0.18327111227983156 sec 10.650464057922363
st 3000 alpha 0.2315457120650456 sec 12.480301856994629
st 3500 alpha 0.29842867646905485 sec 13.505867719650269
st 4000 alpha 0.35166901923760596 sec 13.910724639892578
st 4500 alpha 0.4006741430219094 sec 14.230494499206543
st 5000 alpha 0.4442767249437323 sec 14.558197498321533
st 5500 alpha 0.49832134791696986 sec 14.91221284866333
st 6000 alpha 0.5417473021510334 sec 15.23232650756836
st 6500 alpha 0.5955021193168633 sec 15.562781572341919
st 7000 alpha 0.6545381505605127 sec 15.914929389953613
st 7500 alpha 0.7154153691293954 sec 16.23901915550232
st 8000 alpha 0.7669396027344405 sec 16.56774353981018
st 8500 alpha 0.8277557812054165 sec 16.92023730278015
st 9000 alpha 0.8929370456754923 sec 17.24015474319458
st 9500 alpha 0.9708012223100699 sec 17.56789493560791
st 10000 alpha 0.9801794197391074 sec 17.909013509750366
{
  "pid": 1,
  "profile": [
    3,
    3,
    2
  ],
  "x": 0.001,
  "K": 10191,
  "m": 50,
  "alpha_all_columns": 0.9829159977507533,
  "max_minor_col": 0.002011481744616449,
  "positive_minor_columns": 10191,
  "pf_err": 4.773959005888173e-14,
  "lambda": 1.7284422647635054,
  "seconds": 18.0101261138916
}
