K 4809 rowerr 9.50350909079134e-14
st 0 alpha 0.0015365471733524377 sec 0.11530542373657227
st 500 alpha 0.05324929972368565 sec 0.8886775970458984
st 1000 alpha 0.11915223370546232 sec 1.7003333568572998
st 1500 alpha 0.2055331647385818 sec 2.4300696849823
st 2000 alpha 0.3489291538920647 sec 2.943448543548584
st 2500 alpha 0.439803129549994 sec 3.501974582672119
st 3000 alpha 0.5561104019438631 sec 4.097114562988281
st 3500 alpha 0.6726834734219653 sec 4.745396852493286
st 4000 alpha 0.8001901169886244 sec 5.507842540740967
st 4500 alpha 0.9242667917472677 sec 6.594691514968872
{
  "pid": 2,
  "profile": [
    4,
    2,
    2
  ],
  "x": 0.01,
  "K": 4809,
  "m": 50,
  "alpha_all_columns": 0.9911709608351061,
  "max_minor_col": 0.0032055774320974032,
  "positive_minor_columns": 4809,
  "pf_err": 4.2743586448068527e-14,
  "lambda": 1.773480284249856,
  "seconds": 7.1563942432403564
}
