K 4614 rowerr 1.0957901253050295e-13
st 0 alpha 0.0015424926969244213 sec 0.050608158111572266
st 500 alpha 0.053541803722546674 sec 0.5998287200927734
st 1000 alpha 0.1197033365971686 sec 1.147514820098877
st 1500 alpha 0.20036988050421867 sec 1.895263433456421
st 2000 alpha 0.3514736899680719 sec 2.6599152088165283
st 2500 alpha 0.46672334176479824 sec 3.722985029220581
st 3000 alpha 0.5790315085576112 sec 4.796288967132568
st 3500 alpha 0.7096793855567282 sec 5.743255615234375
st 4000 alpha 0.8434531558601125 sec 6.450023651123047
st 4500 alpha 0.9889771451196557 sec 7.140661954879761
{
  "pid": 3,
  "profile": [
    4,
    3,
    1
  ],
  "x": 0.001,
  "K": 4614,
  "m": 50,
  "alpha_all_columns": 0.9894700776388866,
  "max_minor_col": 0.0030930854692898958,
  "positive_minor_columns": 4614,
  "pf_err": 4.296563105299356e-14,
  "lambda": 1.7744822923619792,
  "seconds": 7.236326694488525
}
