K 4614 rowerr 1.1091128016005314e-13
st 0 alpha 0.0015432254595536849 sec 0.28615522384643555
st 500 alpha 0.05354774315904034 sec 1.5871119499206543
st 1000 alpha 0.11971315748090791 sec 2.6412060260772705
st 1500 alpha 0.20038695651583072 sec 3.6614162921905518
st 2000 alpha 0.3514971790291631 sec 4.6761369705200195
st 2500 alpha 0.46674939408902844 sec 5.6875081062316895
st 3000 alpha 0.5790570272919785 sec 6.713029861450195
st 3500 alpha 0.7097096140308324 sec 7.554950952529907
st 4000 alpha 0.8434865051785282 sec 8.198679685592651
st 4500 alpha 0.9890185544422635 sec 8.574110507965088
{
  "pid": 3,
  "profile": [
    4,
    3,
    1
  ],
  "x": 0.01,
  "K": 4614,
  "m": 50,
  "alpha_all_columns": 0.989516352420613,
  "max_minor_col": 0.0030932422463593604,
  "positive_minor_columns": 4614,
  "pf_err": 4.3076653355456074e-14,
  "lambda": 1.7745026892917872,
  "seconds": 8.615227937698364
}
