K 4809 rowerr 9.43689570931383e-14
st 0 alpha 0.0015358338738567464 sec 0.017865657806396484
st 500 alpha 0.05323325629483934 sec 0.1660900115966797
st 1000 alpha 0.11911436012244378 sec 0.3223896026611328
st 1500 alpha 0.20546845567409958 sec 0.5556936264038086
st 2000 alpha 0.34883172488496483 sec 0.6994893550872803
st 2500 alpha 0.43967101846871853 sec 0.8322534561157227
st 3000 alpha 0.5559523565948781 sec 0.977006196975708
st 3500 alpha 0.6724805528539431 sec 1.1163651943206787
st 4000 alpha 0.7999559671005284 sec 1.2473955154418945
st 4500 alpha 0.9239979739203217 sec 1.3842782974243164
{
  "pid": 2,
  "profile": [
    4,
    2,
    2
  ],
  "x": 1e-08,
  "K": 4809,
  "m": 50,
  "alpha_all_columns": 0.990876212559069,
  "max_minor_col": 0.0032065368996896677,
  "positive_minor_columns": 4809,
  "pf_err": 4.263256414560601e-14,
  "lambda": 1.7734419995857371,
  "seconds": 1.4560697078704834
}
