{
  "pid": 4,
  "profile": [
    5,
    2,
    1
  ],
  "x": 0.01,
  "K": 4038,
  "eigenvalues": [
    [
      1.7770050014280636,
      0.0,
      1.7770050014280636
    ],
    [
      1.358981150404583,
      -0.7022836002178305,
      1.5297163208549098
    ],
    [
      1.358981150404583,
      0.7022836002178305,
      1.5297163208549098
    ],
    [
      0.7397849478310304,
      1.2487614600399755,
      1.4514430588619491
    ],
    [
      0.7397849478310304,
      -1.2487614600399755,
      1.4514430588619491
    ],
    [
      1.1504930631123766,
      -0.8637014936718894,
      1.4386155005562646
    ]
  ],
  "ratio2": 0.8608396260143196
}
