{
  "pid": 2,
  "profile": [
    4,
    2,
    2
  ],
  "x": 0.1,
  "K": 4809,
  "eigenvalues": [
    [
      1.7738279862395008,
      0.0,
      1.7738279862395008
    ],
    [
      1.3598059290466993,
      -0.7008295509890275,
      1.5297824107401807
    ],
    [
      1.3598059290466993,
      0.7008295509890275,
      1.5297824107401807
    ],
    [
      0.738557423259901,
      -1.2369536854743777,
      1.4406670286575418
    ],
    [
      0.738557423259901,
      1.2369536854743777,
      1.4406670286575418
    ],
    [
      1.1511594100414926,
      0.8535947902291335,
      1.433105736934088
    ]
  ],
  "ratio2": 0.8624186914444312
}
