{
  "pid": 3,
  "profile": [
    4,
    3,
    1
  ],
  "x": 1.0,
  "K": 4614,
  "eigenvalues": [
    [
      1.7776384757455839,
      0.0,
      1.7776384757455839
    ],
    [
      1.358989696125557,
      -0.7038346224263703,
      1.530436594538142
    ],
    [
      1.358989696125557,
      0.7038346224263703,
      1.530436594538142
    ],
    [
      0.7395409158948804,
      -1.2507535496075244,
      1.4530331063463284
    ],
    [
      0.7395409158948804,
      1.2507535496075244,
      1.4530331063463284
    ],
    [
      1.1511418325109717,
      0.8629702081812297,
      1.4386956240863016
    ]
  ],
  "ratio2": 0.8609380452885621
}
