{
  "pid": 1,
  "profile": [
    3,
    3,
    2
  ],
  "x": 0.01,
  "K": 10191,
  "eigenvalues": [
    [
      1.7288069590905804,
      0.0,
      1.7288069590905804
    ],
    [
      1.3700397119806276,
      -0.6236531910069619,
      1.5053079801346723
    ],
    [
      1.3700397119806276,
      0.6236531910069619,
      1.5053079801346723
    ],
    [
      1.2039413543917856,
      0.7142771127550406,
      1.3998809158712051
    ],
    [
      1.2039413543917856,
      -0.7142771127550406,
      1.3998809158712051
    ],
    [
      0.7276086544429563,
      -1.1775923304890268,
      1.3842463837217949
    ]
  ],
  "ratio2": 0.8707206852791262
}
