{
  "pid": 3,
  "profile": [
    4,
    3,
    1
  ],
  "x": 0.1,
  "K": 4614,
  "eigenvalues": [
    [
      1.7747141877412507,
      0.0,
      1.7747141877412507
    ],
    [
      1.3646021568800148,
      -0.7001682960759288,
      1.533745314382886
    ],
    [
      1.3646021568800148,
      0.7001682960759288,
      1.533745314382886
    ],
    [
      0.7336390731522284,
      -1.2505806804037471,
      1.4498890743276742
    ],
    [
      0.7336390731522284,
      1.2505806804037471,
      1.4498890743276742
    ],
    [
      1.1529749965788851,
      0.8562960967582408,
      1.4361735090369403
    ]
  ],
  "ratio2": 0.8642210249837157
}
