{
  "pid": 4,
  "profile": [
    5,
    2,
    1
  ],
  "x": 0.1,
  "K": 4038,
  "eigenvalues": [
    [
      1.7770397103544946,
      0.0,
      1.7770397103544946
    ],
    [
      1.3589800276371737,
      -0.7023761795531718,
      1.5297578282592454
    ],
    [
      1.3589800276371737,
      0.7023761795531718,
      1.5297578282592454
    ],
    [
      0.7399836274311189,
      1.2490426625815214,
      1.451786258997809
    ],
    [
      0.7399836274311189,
      -1.2490426625815214,
      1.451786258997809
    ],
    [
      1.150408618546142,
      0.8637115799512013,
      1.4385540250428703
    ]
  ],
  "ratio2": 0.8608461698101727
}
