{
  "pid": 3,
  "profile": [
    4,
    3,
    1
  ],
  "x": 0.01,
  "K": 4614,
  "eigenvalues": [
    [
      1.7745026892917963,
      0.0,
      1.7745026892917963
    ],
    [
      1.36507981173177,
      -0.6999175842814658,
      1.5340559041912545
    ],
    [
      1.36507981173177,
      0.6999175842814658,
      1.5340559041912545
    ],
    [
      0.7332172162588523,
      1.2507381421387784,
      1.4498115003058651
    ],
    [
      0.7332172162588523,
      -1.2507381421387784,
      1.4498115003058651
    ],
    [
      1.1526523078756252,
      0.8555615552350841,
      1.4354765472299718
    ]
  ],
  "ratio2": 0.8644990584959305
}
