{
  "pid": 1,
  "profile": [
    3,
    3,
    2
  ],
  "x": 1.0,
  "K": 10191,
  "eigenvalues": [
    [
      1.7776384757455892,
      0.0,
      1.7776384757455892
    ],
    [
      1.3589896961255539,
      -0.7038346224263715,
      1.5304365945381397
    ],
    [
      1.3589896961255539,
      0.7038346224263715,
      1.5304365945381397
    ],
    [
      0.7395409158950084,
      1.2507535496083824,
      1.453033106347132
    ],
    [
      0.7395409158950084,
      -1.2507535496083824,
      1.453033106347132
    ],
    [
      1.15114183252564,
      0.8629702081723291,
      1.4386956240926994
    ]
  ],
  "ratio2": 0.8609380452885582
}
