PROFILE [3, 3, 2]
1.0 -0.05 1.7484365811584615 1.748436581158461 diff 4.440892098500626e-16 sec 0.6606597900390625
1.0 0.0 1.7776384757455825 1.7776384757455834 diff 8.881784197001252e-16 sec 0.8750834465026855
1.0 0.05 1.8077023636848655 1.8077023636848655 diff 0.0 sec 0.6814906597137451
0.5 -0.05 1.7219707442913288 1.7219707442913295 diff 6.661338147750939e-16 sec 0.7064638137817383
0.5 0.0 1.750711066158549 1.7507110661585494 diff 4.440892098500626e-16 sec 0.9309237003326416
0.5 0.05 1.7803399645149598 1.7803399645149598 diff 0.0 sec 0.9192969799041748
0.01 -0.05 1.700443096641314 1.7004430966413147 diff 6.661338147750939e-16 sec 0.7881767749786377
0.01 0.0 1.728806959090568 1.7288069590905677 diff 2.220446049250313e-16 sec 0.9566445350646973
0.01 0.05 1.7580830929331865 1.7580830929331863 diff 2.220446049250313e-16 sec 0.7178332805633545
PROFILE [4, 2, 2]
1.0 -0.05 1.7484365811584615 1.7484365811584612 diff 2.220446049250313e-16 sec 0.6588044166564941
1.0 0.0 1.7776384757455825 1.7776384757455832 diff 6.661338147750939e-16 sec 0.781409502029419
1.0 0.05 1.8077023636848655 1.8077023636848655 diff 0.0 sec 0.6138262748718262
0.5 -0.05 1.746274767205314 1.746274767205315 diff 8.881784197001252e-16 sec 0.6531088352203369
0.5 0.0 1.7754440977908008 1.775444097790801 diff 2.220446049250313e-16 sec 0.8907456398010254
0.5 0.05 1.8054670916618762 1.8054670916618756 diff 6.661338147750939e-16 sec 0.6702344417572021
0.01 -0.05 1.7443403835151057 1.7443403835151052 diff 4.440892098500626e-16 sec 0.6211795806884766
0.01 0.0 1.7734802842498558 1.7734802842498554 diff 4.440892098500626e-16 sec 0.6600596904754639
0.01 0.05 1.8034670022907735 1.8034670022907742 diff 6.661338147750939e-16 sec 0.6171226501464844
PROFILE [4, 3, 1]
1.0 -0.05 1.7484365811584615 1.7484365811584608 diff 6.661338147750939e-16 sec 0.6233787536621094
1.0 0.0 1.7776384757455825 1.7776384757455834 diff 8.881784197001252e-16 sec 0.7673673629760742
1.0 0.05 1.8077023636848655 1.8077023636848655 diff 0.0 sec 0.5887315273284912
0.5 -0.05 1.74664675334729 1.7466467533472898 diff 2.220446049250313e-16 sec 0.6204121112823486
0.5 0.0 1.7758254736864931 1.7758254736864925 diff 6.661338147750939e-16 sec 0.655585765838623
0.5 0.05 1.8058519093598417 1.8058519093598417 diff 0.0 sec 0.5901358127593994
0.01 -0.05 1.7453415437680033 1.7453415437680027 diff 6.661338147750939e-16 sec 0.6244468688964844
0.01 0.0 1.7745026892917868 1.7745026892917861 diff 6.661338147750939e-16 sec 0.6312665939331055
0.01 0.05 1.8045024944071801 1.8045024944071808 diff 6.661338147750939e-16 sec 0.6515467166900635
PROFILE [5, 2, 1]
1.0 -0.05 1.7484365811584615 1.7484365811584615 diff 0.0 sec 0.6240658760070801
1.0 0.0 1.7776384757455825 1.7776384757455836 diff 1.1102230246251565e-15 sec 0.5716586112976074
1.0 0.05 1.8077023636848655 1.8077023636848657 diff 2.220446049250313e-16 sec 0.5873508453369141
0.5 -0.05 1.7480502640960955 1.748050264096096 diff 4.440892098500626e-16 sec 0.60221266746521
0.5 0.0 1.7772486210430702 1.7772486210430707 diff 4.440892098500626e-16 sec 0.7523524761199951
0.5 0.05 1.8073027890855575 1.8073027890855575 diff 0.0 sec 0.6040260791778564
0.01 -0.05 1.747808896802565 1.7478088968025645 diff 4.440892098500626e-16 sec 0.6336851119995117
0.01 0.0 1.7770050014280545 1.7770050014280554 diff 8.881784197001252e-16 sec 0.8121390342712402
0.01 0.05 1.807053134995748 1.8070531349957477 diff 2.220446049250313e-16 sec 0.6125314235687256
CURV [3, 3, 2] 1.0 0.08282382812918598 0.08282382724100756 8.881784197001252e-10
CURV [3, 3, 2] 0.1 0.09852620264094725 0.09852620275196955 1.1102230246251565e-10
CURV [3, 3, 2] 0.01 0.09993241367745043 0.09993241434358424 6.661338147750939e-10
