{
  "pid": 3,
  "x": 0.0001,
  "lambda": 1.7744802601497842,
  "lambda_x": 0.002257258395544001,
  "q": 0.0012720673462738128,
  "a": 0.0778799081758354,
  "N": -0.12806629348982715,
  "N_x": 0.0024541039713278944,
  "C": 2.318753516744741,
  "gauges": {
    "l_rx": -1.0607290022618233e-18,
    "lx_r": 2.3935669001130114e-17
  },
  "residuals": {
    "z": 2.241540286718191e-13,
    "rx": 1.7825790756681448e-13,
    "lx": 1.3595370082540928e-15,
    "zx": 7.787867573050278e-14
  },
  "pf_err": 2.5868196473766147e-14,
  "solver_info": [
    0,
    0,
    0,
    0
  ]
}
