{
  "pid": 1,
  "x": 0.1,
  "lambda": 1.732526334637534,
  "lambda_x": 0.0420629586433428,
  "q": 0.02427839496716389,
  "a": 0.09852620386289922,
  "N": -0.10715330464866749,
  "N_x": -0.016313968956500374,
  "C": -0.651996870713393,
  "gauges": {
    "l_rx": -1.602925385959102e-17,
    "lx_r": -5.312825592852097e-16
  },
  "residuals": {
    "z": 1.7766343951564068e-13,
    "rx": 2.6816049381039875e-13,
    "lx": 7.632783294297951e-16,
    "zx": 1.4882539645100223e-13
  },
  "pf_err": 2.6978419498391304e-14,
  "solver_info": [
    0,
    0,
    0,
    0
  ]
}
