{
  "pid": 2,
  "x": 0.01,
  "lambda": 1.7734802842498556,
  "lambda_x": 0.0038319375771974197,
  "q": 0.00216068800495194,
  "a": 0.07985666729158897,
  "N": -0.12624125241288395,
  "N_x": 0.00192407209710036,
  "C": 1.1465949080129327,
  "gauges": {
    "l_rx": 3.968133392946786e-17,
    "lx_r": -6.494295957197797e-18
  },
  "residuals": {
    "z": 2.1116441928370477e-13,
    "rx": 1.048258702063265e-13,
    "lx": 8.277849705608936e-16,
    "zx": 5.2448496934420774e-14
  },
  "pf_err": 2.4313884239290928e-14,
  "solver_info": [
    0,
    0,
    0,
    0
  ]
}
