{
  "pid": 4,
  "x": 0.1,
  "lambda": 1.7770397103544917,
  "lambda_x": 0.00041058085186106776,
  "q": 0.00023104765159083772,
  "a": 0.08077114502285679,
  "N": -0.12568209062784558,
  "N_x": 0.0011983426595734508,
  "C": 5.978755248310324,
  "gauges": {
    "l_rx": 1.2390040962568233e-18,
    "lx_r": -3.9894777817427135e-18
  },
  "residuals": {
    "z": 3.3237301799715624e-13,
    "rx": 6.234531120530296e-14,
    "lx": 1.2796355433066474e-15,
    "zx": 2.2721353878235595e-14
  },
  "pf_err": 2.220446049250313e-14,
  "solver_info": [
    0,
    0,
    0,
    0
  ]
}
