{
  "pid": 1,
  "x": 1.0,
  "lambda": 1.7776384757455836,
  "lambda_x": 0.05911808802905162,
  "q": 0.03325653041136843,
  "a": 0.0828238265172021,
  "N": -0.12389997583122583,
  "N_x": -0.020958959732471562,
  "C": -0.5696556495534116,
  "gauges": {
    "l_rx": 1.5554122396130022e-15,
    "lx_r": -3.0988691962303907e-16
  },
  "residuals": {
    "z": 3.3220648454346247e-13,
    "rx": 2.678482435847229e-13,
    "lx": 9.363169961584816e-16,
    "zx": 1.969813201441184e-13
  },
  "pf_err": 2.980948821118545e-14,
  "solver_info": [
    0,
    0,
    0,
    0
  ]
}
