{
  "pid": 4,
  "x": 1.0,
  "lambda": 1.7776384757455834,
  "lambda_x": 0.0009273403313732086,
  "q": 0.0005216698130840469,
  "a": 0.08282382651721176,
  "N": -0.12389997583121722,
  "N_x": 0.0028257308795217755,
  "C": 6.233667746284046,
  "gauges": {
    "l_rx": -2.635419019459963e-17,
    "lx_r": 1.2401328732835505e-17
  },
  "residuals": {
    "z": 2.9093394360302227e-13,
    "rx": 8.548440818059722e-14,
    "lx": 1.864881946783692e-15,
    "zx": 3.222021174170697e-14
  },
  "pf_err": 2.992051051364797e-14,
  "solver_info": [
    0,
    0,
    0,
    0
  ]
}
