{
  "pid": 2,
  "x": 0.5,
  "lambda": 1.7754440977908008,
  "lambda_x": 0.004189680555269246,
  "q": 0.0023597930007948427,
  "a": 0.08118740264684854,
  "N": -0.12519971899904384,
  "N_x": 0.002342371767698138,
  "C": 1.2591972841347308,
  "gauges": {
    "l_rx": 6.40909685038428e-17,
    "lx_r": -9.775853225264074e-18
  },
  "residuals": {
    "z": 2.476907567938724e-13,
    "rx": 9.506002755788057e-14,
    "lx": 1.2941138774740651e-15,
    "zx": 6.278007627646964e-14
  },
  "pf_err": 2.942091015256665e-14,
  "solver_info": [
    0,
    0,
    0,
    0
  ]
}
