{
  "pid": 4,
  "x": 0.01,
  "lambda": 1.7770050014280556,
  "lambda_x": 0.00036075496431476375,
  "q": 0.00020301291444022387,
  "a": 0.08065443440270897,
  "N": -0.1257833334981904,
  "N_x": 0.001051735769981146,
  "C": 5.972316489941277,
  "gauges": {
    "l_rx": 3.7179844061143045e-18,
    "lx_r": -4.801862993384576e-18
  },
  "residuals": {
    "z": 3.327338404801594e-13,
    "rx": 4.4619825412609004e-14,
    "lx": 1.010287959925726e-15,
    "zx": 1.720075904626528e-14
  },
  "pf_err": 2.2315482794965646e-14,
  "solver_info": [
    0,
    0,
    0,
    0
  ]
}
