{
  "pid": 3,
  "x": 0.1,
  "lambda": 1.7747141877412433,
  "lambda_x": 0.002426524507777669,
  "q": 0.0013672762208916656,
  "a": 0.07819153285261585,
  "N": -0.12780665394719615,
  "N_x": 0.002746193507046621,
  "C": 2.407509585415639,
  "gauges": {
    "l_rx": 4.362794159916898e-19,
    "lx_r": 2.788170392147514e-17
  },
  "residuals": {
    "z": 2.1854740239746206e-13,
    "rx": 1.860127720257343e-13,
    "lx": 7.443844125083407e-16,
    "zx": 8.19531074947033e-14
  },
  "pf_err": 2.786659791809143e-14,
  "solver_info": [
    0,
    0,
    0,
    0
  ]
}
