{
  "pid": 1,
  "x": 0.01,
  "lambda": 1.7288069590905686,
  "lambda_x": 0.040594318437088536,
  "q": 0.02348111697701807,
  "a": 0.0999324146308285,
  "N": -0.10570773519492405,
  "N_x": -0.015805925958488065,
  "C": -0.6564362095966254,
  "gauges": {
    "l_rx": -7.483904560919513e-16,
    "lx_r": -2.9009538577014894e-16
  },
  "residuals": {
    "z": 2.5691948568606904e-13,
    "rx": 2.6642577033442194e-13,
    "lx": 1.0355757050495296e-15,
    "zx": 1.2783871183863482e-13
  },
  "pf_err": 2.1538326677728037e-14,
  "solver_info": [
    0,
    0,
    0,
    0
  ]
}
