Loading baseline profiles...
Evaluating h=2 profile=(1,1,0)...
  -> eps=0
  -> eps=0.1
  -> eps=0.5
  -> eps=1
  -> eps=2
  -> eps=5
  -> eps=10
  -> eps=50
  -> eps=100
Evaluating h=2 profile=(2,0,0)...
  -> eps=0
  -> eps=0.1
  -> eps=0.5
  -> eps=1
  -> eps=2
  -> eps=5
  -> eps=10
  -> eps=50
  -> eps=100
Evaluating h=3 profile=(1,1,1)...
  -> eps=0
  -> eps=0.1
  -> eps=0.5
  -> eps=1
  -> eps=2
  -> eps=5
  -> eps=10
  -> eps=50
  -> eps=100
Evaluating h=3 profile=(2,1,0)...
  -> eps=0
  -> eps=0.1
  -> eps=0.5
  -> eps=1
  -> eps=2
  -> eps=5
  -> eps=10
  -> eps=50
  -> eps=100
Evaluating h=4 profile=(2,1,1)...
  -> eps=0
  -> eps=0.1
  -> eps=0.5
  -> eps=1
  -> eps=2
  -> eps=5
  -> eps=10
  -> eps=50
  -> eps=100
Evaluating h=5 profile=(2,2,1)...
  -> eps=0
  -> eps=0.1
  -> eps=0.5
  -> eps=1
  -> eps=2
  -> eps=5
  -> eps=10
  -> eps=50
  -> eps=100
Evaluating h=5 profile=(3,1,1)...
  -> eps=0
  -> eps=0.1
  -> eps=0.5
  -> eps=1
  -> eps=2
  -> eps=5
  -> eps=10
  -> eps=50
  -> eps=100
Evaluating h=5 profile=(3,2,0)...
  -> eps=0
  -> eps=0.1
  -> eps=0.5
  -> eps=1
  -> eps=2
  -> eps=5
  -> eps=10
  -> eps=50
  -> eps=100
Evaluating h=6 profile=(2,2,2)...
  -> eps=0
  -> eps=0.1
  -> eps=0.5
  -> eps=1
  -> eps=2
  -> eps=5
  -> eps=10
  -> eps=50
  -> eps=100
Evaluating h=6 profile=(3,2,1)...
  -> eps=0
  -> eps=0.1
  -> eps=0.5
  -> eps=1
  -> eps=2
  -> eps=5
  -> eps=10
  -> eps=50
  -> eps=100
Evaluating h=6 profile=(4,1,1)...
  -> eps=0
  -> eps=0.1
  -> eps=0.5
  -> eps=1
  -> eps=2
  -> eps=5
  -> eps=10
  -> eps=50
  -> eps=100
Evaluating h=7 profile=(3,2,2)...
  -> eps=0
  -> eps=0.1
  -> eps=0.5
  -> eps=1
  -> eps=2
  -> eps=5
  -> eps=10
  -> eps=50
  -> eps=100
Evaluating h=7 profile=(3,3,1)...
  -> eps=0
  -> eps=0.1
  -> eps=0.5
  -> eps=1
  -> eps=2
  -> eps=5
  -> eps=10
  -> eps=50
  -> eps=100
Evaluating h=7 profile=(4,2,1)...
  -> eps=0
  -> eps=0.1
  -> eps=0.5
  -> eps=1
  -> eps=2
  -> eps=5
  -> eps=10
  -> eps=50
  -> eps=100
Evaluating h=7 profile=(5,1,1)...
  -> eps=0
  -> eps=0.1
  -> eps=0.5
  -> eps=1
  -> eps=2
  -> eps=5
  -> eps=10
  -> eps=50
  -> eps=100
Campaign finished. Results written.
