./PAPER8_AI_HANDOFF.md: OK
./PAPER8_CLAIM_LEDGER.md: OK
./PAPER8_STATE.md: OK
./README.md: OK
./REPO_PROVENANCE_ANCHOR.md: OK
./RUN_PAPER8_V3_VERIFY.py: OK
./theorem_422/THEOREM_422_PROOF.md: OK
./theorem_422/calculators/bernstein_subdivide.py: OK
./theorem_422/calculators/exact_context_gmp_generic.cpp: OK
./theorem_422/calculators/independent_bernstein_decasteljau.py: OK
./theorem_422/calculators/interval_cover_parallel.py: OK
./theorem_422/calculators/longdouble_interval_recheck.py: OK
./theorem_422/calculators/modular_crosscheck_outgoing.cpp: OK
./theorem_422/calculators/structural_crosscheck.py: OK
./theorem_422/calculators/verify_422_candidate.py: OK
./theorem_422/data/L220_decasteljau_crosscheck.json: OK
./theorem_422/data/L220_poly.txt: OK
./theorem_422/data/L220_subdivision10.json: OK
./theorem_422/data/LONGDOUBLE_SELECTED_INTERVAL_RECHECK.json: OK
./theorem_422/data/MODULAR_CROSSCHECK.json: OK
./theorem_422/data/STRUCTURAL_CROSSCHECK.json: OK
./theorem_422/data/THEOREM_422_CANDIDATE_VERIFICATION.json: OK
./theorem_422/data/a_tilt_quotient_pid2.npz: OK
./theorem_422/data/cover_part0of4.json: OK
./theorem_422/data/cover_part1of4.json: OK
./theorem_422/data/cover_part2of4.json: OK
./theorem_422/data/cover_part3of4.json: OK
./theorem_422/data/pid2_edges.bin: OK
./theorem_422/data/pid2_sizes.bin: OK
./theorem_422/data/quotient_manifest.json: OK
./theorem_431/THEOREM_431_PROOF.md: OK
./theorem_431/calculators/bernstein_subdivide.py: OK
./theorem_431/calculators/exact_context_gmp_generic.cpp: OK
./theorem_431/calculators/independent_bernstein_decasteljau.py: OK
./theorem_431/calculators/interval_cover_parallel.py: OK
./theorem_431/calculators/longdouble_interval_recheck.py: OK
./theorem_431/calculators/modular_crosscheck_outgoing.cpp: OK
./theorem_431/calculators/structural_crosscheck.py: OK
./theorem_431/calculators/verify_431_candidate.py: OK
./theorem_431/data/L176_decasteljau_crosscheck.json: OK
./theorem_431/data/L176_poly.txt: OK
./theorem_431/data/L176_subdivision10.json: OK
./theorem_431/data/LONGDOUBLE_SELECTED_INTERVAL_RECHECK.json: OK
./theorem_431/data/MODULAR_CROSSCHECK.json: OK
./theorem_431/data/STRUCTURAL_CROSSCHECK.json: OK
./theorem_431/data/THEOREM_431_CANDIDATE_VERIFICATION.json: OK
./theorem_431/data/a_tilt_quotient_pid3.npz: OK
./theorem_431/data/cover_part0of4.json: OK
./theorem_431/data/cover_part1of4.json: OK
./theorem_431/data/cover_part2of4.json: OK
./theorem_431/data/cover_part3of4.json: OK
./theorem_431/data/pid3_edges.bin: OK
./theorem_431/data/pid3_sizes.bin: OK
./theorem_431/data/quotient_manifest.json: OK
./theorem_521_reference/FINITE_TO_INFINITE_TAIL_LEMMA.md: OK
./theorem_521_reference/INTERVAL_ALPHA36_LEMMA.md: OK
./theorem_521_reference/THEOREM_521_PROOF.md: OK
