{
  "theorem_431": {
    "profile": [
      4,
      3,
      1
    ],
    "finite_lower": 1.9643001993601346,
    "tail_upper": 1.7607113665520568,
    "infinite_lower": 0.20358883280807774,
    "alpha": "91/100",
    "PASS": true
  },
  "theorem_422": {
    "profile": [
      4,
      2,
      2
    ],
    "finite_lower": 0.9272878857676629,
    "tail_upper": 0.4552711467305119,
    "infinite_lower": 0.472016739037151,
    "alpha": "89/100",
    "PASS": true
  },
  "PAPER8_V3_VERIFICATION": "PASS"
}
